#-----------------------------------------------------------
# Vivado v2018.1 (64-bit)
# SW Build 2188600 on Wed Apr  4 18:40:38 MDT 2018
# IP Build 2185939 on Wed Apr  4 20:55:05 MDT 2018
# Start of session at: Thu Nov 22 13:59:59 2018
# Process ID: 7160
# Current directory: D:/document/project/2018_11_21_ttctx2ttcrx/vivado/encoder
# Command line: vivado.exe -gui_launcher_event rodinguilauncherevent4236 D:\document\project\2018_11_21_ttctx2ttcrx\vivado\encoder\encoder.xpr
# Log file: D:/document/project/2018_11_21_ttctx2ttcrx/vivado/encoder/vivado.log
# Journal file: D:/document/project/2018_11_21_ttctx2ttcrx/vivado/encoder\vivado.jou
#-----------------------------------------------------------
start_gui
open_project D:/document/project/2018_11_21_ttctx2ttcrx/vivado/encoder/encoder.xpr
update_compile_order -fileset sources_1
reset_run impl_1 -prev_step 
launch_runs impl_1 -to_step write_bitstream -jobs 8
wait_on_run impl_1
open_hw
reset_run impl_1 -prev_step 
launch_runs impl_1 -to_step write_bitstream -jobs 8
wait_on_run impl_1
